// Jest Snapshot v1, https://goo.gl/fbAQLP

exports[`ProductTitle debe de mostrar el componente correctamente con el titulo personalizado 1`] = `
<span
  className="productDescription prueba stilos"
  style={
    Object {
      "background": "white",
    }
  }
>
  test product
</span>
`;

exports[`ProductTitle debe mostrar el componente con el nombre del producto 1`] = `
<div
  className="productCard undefined"
>
  <span
    className="productDescription undefined"
  >
    Coffee Mug - no imagen
  </span>
</div>
`;
